C:\Users\roberto\Documents\SistemaSaludos\PantallasIdeo.csproj(1,1): error MSB4025: No se pudo cargar el archivo del proyecto. Data at the root level is invalid. Line 1, position 1.

ERROR al compilar.

C:\Users\roberto\Documents\SistemaSaludos\PantallasIdeo.csproj(1,1): error MSB4025: No se pudo cargar el archivo del proyecto. Data at the root level is invalid. Line 1, position 1.
    0 Advertencia(s)
    1 Errores

Tiempo transcurrido 00:00:00.22
